真实数据DT训练与校准完成
v4 共享DT已准备；开始独立种子任务
1 mpc 完成
1 milp_oracle 完成
[v4 ordinary 种子=1] 更新至 2/4 回合，4 个新交互
[v4 ordinary 种子=1] 更新至 4/4 回合，4 个新交互
1 ordinary 完成
[v4 central 种子=1] 更新至 2/4 回合，4 个新交互
[v4 central 种子=1] 更新至 4/4 回合，4 个新交互
1 central 完成
[v4 fixed 种子=1] 更新至 2/2 回合，4 个新交互
[v4 fixed 种子=1] 更新至 1/1 回合，2 个新交互
[v4 fixed 种子=1] 更新至 1/1 回合，2 个新交互
1 fixed 完成
[v4 fixed 种子=1] 更新至 1/1 回合，2 个新交互
[v4 fixed 种子=1] 更新至 1/1 回合，2 个新交互
[v4 fixed 种子=1] 更新至 1/1 回合，2 个新交互
[v4 fixed 种子=1] 更新至 1/1 回合，2 个新交互
1 ols 完成
[v4 pareto 种子=1] 更新至 2/4 回合，4 个新交互
[v4 pareto 种子=1] 更新至 4/4 回合，4 个新交互
1 pareto 完成
v4训练与报告完成：runs/v41_seven
